// Jest Snapshot v1, https://goo.gl/fbAQLP

exports[`renders mainpage 1`] = `ShallowWrapper {}`;
